---
source: tests/grammar/alpha034.rs
expression: "parse_unwrap(&tokenize(\"\n        main {\n            echo 10;\n            echo 20\n\n            echo 30;\n\n            10 20 30\n        }\n    \"))"
---
[
    (
        Main(
            (
                "main",
                9..13,
            ),
            None,
            [
                (
                    Echo(
                        (
                            "echo",
                            28..32,
                        ),
                        (
                            Number(
                                (
                                    10.0,
                                    33..35,
                                ),
                            ),
                            33..35,
                        ),
                    ),
                    28..35,
                ),
                (
                    Echo(
                        (
                            "echo",
                            49..53,
                        ),
                        (
                            Number(
                                (
                                    20.0,
                                    54..56,
                                ),
                            ),
                            54..56,
                        ),
                    ),
                    49..56,
                ),
                (
                    Echo(
                        (
                            "echo",
                            70..74,
                        ),
                        (
                            Number(
                                (
                                    30.0,
                                    75..77,
                                ),
                            ),
                            75..77,
                        ),
                    ),
                    70..77,
                ),
                (
                    Expression(
                        (
                            Number(
                                (
                                    10.0,
                                    92..94,
                                ),
                            ),
                            92..94,
                        ),
                    ),
                    92..94,
                ),
                (
                    Expression(
                        (
                            Number(
                                (
                                    20.0,
                                    95..97,
                                ),
                            ),
                            95..97,
                        ),
                    ),
                    95..97,
                ),
                (
                    Expression(
                        (
                            Number(
                                (
                                    30.0,
                                    98..100,
                                ),
                            ),
                            98..100,
                        ),
                    ),
                    98..100,
                ),
            ],
        ),
        9..110,
    ),
]
