---
source: tests/grammar/alpha034.rs
expression: "parse_unwrap(&tokenize(\"-5\"))"
---
[
    (
        Statement(
            (
                Expression(
                    (
                        Neg(
                            (
                                "-",
                                0..1,
                            ),
                            (
                                Number(
                                    (
                                        5.0,
                                        1..2,
                                    ),
                                ),
                                1..2,
                            ),
                        ),
                        1..2,
                    ),
                ),
                0..2,
            ),
        ),
        0..2,
    ),
]
