---
source: tests/grammar/alpha034.rs
expression: "parse_unwrap(&tokenize(\"\n        main {\n            // abc\n        }\n        \"))"
---
[
    (
        Main(
            (
                "main",
                9..13,
            ),
            None,
            [
                (
                    Comment(
                        (
                            Comment(
                                "abc",
                            ),
                            28..35,
                        ),
                    ),
                    28..35,
                ),
            ],
        ),
        9..44,
    ),
]
