---
source: tests/grammar/alpha034.rs
expression: "parse(&tokenize(r#\"\n        fun foo(a) {\n\n            return \"echo \\\"{5 + 5}\\\"\";\n        }\n\n        unsafe {\n    \"#))"
---
(
    Some(
        [
            (
                FunctionDefinition(
                    [],
                    (
                        false,
                        9..12,
                    ),
                    (
                        "fun",
                        9..12,
                    ),
                    (
                        "foo",
                        13..16,
                    ),
                    [
                        (
                            Generic(
                                (
                                    false,
                                    17..17,
                                ),
                                (
                                    "a",
                                    17..18,
                                ),
                            ),
                            17..18,
                        ),
                    ],
                    None,
                    [
                        (
                            Return(
                                (
                                    "return",
                                    35..41,
                                ),
                                Some(
                                    (
                                        Text(
                                            [
                                                (
                                                    Text(
                                                        (
                                                            "echo",
                                                            43..47,
                                                        ),
                                                    ),
                                                    43..47,
                                                ),
                                                (
                                                    Escape(
                                                        (
                                                            "\"",
                                                            48..50,
                                                        ),
                                                    ),
                                                    48..50,
                                                ),
                                                (
                                                    Expression(
                                                        (
                                                            Add(
                                                                (
                                                                    Number(
                                                                        (
                                                                            5.0,
                                                                            51..52,
                                                                        ),
                                                                    ),
                                                                    51..52,
                                                                ),
                                                                (
                                                                    Number(
                                                                        (
                                                                            5.0,
                                                                            55..56,
                                                                        ),
                                                                    ),
                                                                    55..56,
                                                                ),
                                                            ),
                                                            51..56,
                                                        ),
                                                    ),
                                                    50..57,
                                                ),
                                                (
                                                    Escape(
                                                        (
                                                            "\"",
                                                            57..59,
                                                        ),
                                                    ),
                                                    57..59,
                                                ),
                                            ],
                                        ),
                                        42..60,
                                    ),
                                ),
                            ),
                            35..60,
                        ),
                    ],
                ),
                9..71,
            ),
            (
                Statement(
                    (
                        Block(
                            (
                                Block(
                                    [
                                        (
                                            Unsafe,
                                            81..87,
                                        ),
                                    ],
                                    [],
                                ),
                                81..89,
                            ),
                        ),
                        81..89,
                    ),
                ),
                81..89,
            ),
        ],
    ),
    [
        found end of input at 89..89 expected "statement", or '"}"',
    ],
)
