---
source: tests/grammar/alpha034.rs
expression: "parse_unwrap(&tokenize(\"001.00004\"))"
---
[
    (
        Statement(
            (
                Expression(
                    (
                        Number(
                            (
                                1.00004,
                                0..9,
                            ),
                        ),
                        0..9,
                    ),
                ),
                0..9,
            ),
        ),
        0..9,
    ),
]
