---
source: tests/grammar/alpha034.rs
expression: "parse_unwrap(&tokenize(\"1;\"))"
---
[
    (
        Statement(
            (
                Expression(
                    (
                        Number(
                            (
                                1.0,
                                0..1,
                            ),
                        ),
                        0..1,
                    ),
                ),
                0..1,
            ),
        ),
        0..1,
    ),
]
